// Jest Snapshot v1, https://goo.gl/fbAQLP

exports[`Se renderiza una lista de categorias 1`] = `
<div>
  <div
    style="color: red;"
  />
</div>
`;
